Player : EPlayer
ID: RUUID = "00000-00000-00000-00001"
Position: vec3 = 8.879822 -14.241384 -2.033110
Rotation: vec3 = 0.000000 0.000000 0.000000
Scale: vec3 = 1.000000 1.000000 1.000000
Mesh: RMesh* = capsule
Shader: RShader* = model
TextureDiffuse: RTexture = pink
TextureSpecular: RTexture = null
TextureNormal: RTexture = null
CollisionMesh: RCollisionMesh* = capsule
