Four : EStaticMesh
ID: RUUID = "00000-00000-00000-00004"
Position: vec3 = -1.035000 -15.281666 11.459270
Rotation: vec3 = 0.000000 149.000000 0.000000
Scale: vec3 = 0.700000 0.600000 0.500000
Mesh: RMesh* = longRock005
Shader: RShader* = model
TextureDiffuse: RTexture = longRock5-redrock_BaseColor
TextureSpecular: RTexture = null
TextureNormal: RTexture = null
CollisionMesh: RCollisionMesh* = Four_GeneratedCMesh
