Three : EStaticMesh
ID: RUUID = "00000-00000-00000-00003"
Position: vec3 = -1.736500 -15.200000 7.932000
Rotation: vec3 = 0.000000 0.000000 0.000000
Scale: vec3 = 0.550000 0.500000 0.450000
Mesh: RMesh* = longRock006
Shader: RShader* = model
TextureDiffuse: RTexture = longRock6-redrock_BaseColor
TextureSpecular: RTexture = null
TextureNormal: RTexture = null
CollisionMesh: RCollisionMesh* = Three_GeneratedCMesh
