Six : EStaticMesh
ID: RUUID = "00000-00000-00000-00006"
Position: vec3 = 4.545000 -15.250000 12.771000
Rotation: vec3 = 0.000000 -87.000000 0.000000
Scale: vec3 = 1.000000 0.750000 0.700000
Mesh: RMesh* = longRock006
Shader: RShader* = model
TextureDiffuse: RTexture = longRock6-redrock_BaseColor
TextureSpecular: RTexture = null
TextureNormal: RTexture = null
CollisionMesh: RCollisionMesh* = Six_GeneratedCMesh
