Nine : EStaticMesh
ID: RUUID = "00000-00000-00000-00009"
Position: vec3 = 8.239464 -15.049994 3.042458
Rotation: vec3 = 0.000000 0.000000 0.000000
Scale: vec3 = 1.000000 1.000000 1.000000
Mesh: RMesh* = largeRock004
Shader: RShader* = model
TextureDiffuse: RTexture = largeRock4-sandstone_BaseColor
TextureSpecular: RTexture = null
TextureNormal: RTexture = null
CollisionMesh: RCollisionMesh* = Nine_GeneratedCMesh
