One : EStaticMesh
ID: RUUID = "00000-00000-00000-00001"
Position: vec3 = -12.950000 -16.450001 -1.250000
Rotation: vec3 = 0.000000 0.000000 0.000000
Scale: vec3 = 27.700006 1.400000 20.750000
Mesh: RMesh* = aabb
Shader: RShader* = model
TextureDiffuse: RTexture = sandstone
TextureSpecular: RTexture = null
TextureNormal: RTexture = null
CollisionMesh: RCollisionMesh* = aabb
