Rock1 : EStaticMesh
ID: RUUID = "01908-03335-13343-13153"
Position: vec3 = -6.490000 -15.050000 6.100542
Rotation: vec3 = 0.000000 0.000000 0.000000
Scale: vec3 = 1.000000 1.000000 1.000000
Mesh: RMesh* = mediumRock003
Shader: RShader* = model
TextureDiffuse: RTexture = mediumRock3-sandstone_BaseColor
TextureSpecular: RTexture = null
TextureNormal: RTexture = null
CollisionMesh: RCollisionMesh* = Rock1_GeneratedCMesh
