largeRock001_1 : EStaticMesh
ID: RUUID = "08684-19560-06574-24572"
Position: vec3 = -0.816504 -16.566278 9.967281
Rotation: vec3 = 3.599995 -85.680031 0.000000
Scale: vec3 = 6.150000 0.350000 7.150000
Mesh: RMesh* = largeRock001
Shader: RShader* = model
TextureDiffuse: RTexture = largeRock1-sandstone_BaseColor
TextureSpecular: RTexture = null
TextureNormal: RTexture = null
CollisionMesh: RCollisionMesh* = LargeRock2_GeneratedCMesh
