stoneDoorArch1_Pillar1 : EStaticMesh
ID: RUUID = "14733-64249-65404-72728"
Position: vec3 = -5.534060 -15.050001 18.129169
Rotation: vec3 = 0.000000 0.000000 0.000000
Scale: vec3 = 1.000000 1.000000 1.000000
Mesh: RMesh* = stoneDoorArch_pillar1
Shader: RShader* = model
TextureDiffuse: RTexture = stoneDoorArch_BaseColor
TextureSpecular: RTexture = null
TextureNormal: RTexture = null
CollisionMesh: RCollisionMesh* = stoneDoorArch1_Pillar1_GeneratedCMesh
