LargeRock1 : EStaticMesh
ID: RUUID = "15689-45650-91111-27800"
Position: vec3 = 9.015000 -15.050001 6.248622
Rotation: vec3 = 0.000000 0.000000 0.000000
Scale: vec3 = 1.000000 1.000000 1.000000
Mesh: RMesh* = largeRock001
Shader: RShader* = model
TextureDiffuse: RTexture = largeRock1-sandstone_BaseColor
TextureSpecular: RTexture = null
TextureNormal: RTexture = null
CollisionMesh: RCollisionMesh* = LargeRock1_GeneratedCMesh
